
Running 3 tests using 1 worker

Captured Sentinel console logs: [ [32m'[Sentinel] Content script v2.1 loaded on chatgpt.com'[39m ]
  Γ£ô  1 [sentinel-chromium] ΓÇ║ tests\sentinel-extension.spec.ts:137:5 ΓÇ║ Sentinel content script initialises on ChatGPT (5.2s)
  Γ£ÿ  2 [sentinel-chromium] ΓÇ║ tests\sentinel-extension.spec.ts:168:5 ΓÇ║ Sentinel intercepts ChatGPT prompt and produces expected behaviour (30.9s)
Γä╣∩╕Å  No service-worker background page found ΓÇö skipping popup test.
  Γ£ô  3 [sentinel-chromium] ΓÇ║ tests\sentinel-extension.spec.ts:331:5 ΓÇ║ Sentinel extension popup opens and shows UI (13ms)


  1) [sentinel-chromium] ΓÇ║ tests\sentinel-extension.spec.ts:168:5 ΓÇ║ Sentinel intercepts ChatGPT prompt and produces expected behaviour 

    TimeoutError: page.waitForSelector: Timeout 30000ms exceeded.
    Call log:
    [2m  - waiting for locator('#prompt-textarea, [data-testid="send-button"]') to be visible[22m


      210 |   } else {
      211 |     // Already logged in ΓÇö wait for the UI to be interactive
    > 212 |     await page.waitForSelector(CHATGPT_LOADED_SELECTOR, { timeout: 30_000 });
          |                ^
      213 |   }
      214 |
      215 |   // Give content scripts a moment to finish wiring up fetch/XHR/WS hooks
        at C:\Users\AH012\OneDrive\Desktop\Automation_testing\tests\sentinel-extension.spec.ts:212:16

    Error Context: test-results\sentinel-extension-Sentine-66b00-produces-expected-behaviour-sentinel-chromium\error-context.md

    Error Context: test-results\sentinel-extension-Sentine-66b00-produces-expected-behaviour-sentinel-chromium\error-context.md

  1 failed
    [sentinel-chromium] ΓÇ║ tests\sentinel-extension.spec.ts:168:5 ΓÇ║ Sentinel intercepts ChatGPT prompt and produces expected behaviour 
  2 passed (44.0s)
